error[E0308]: `?` operator has incompatible types
 --> tests/models/struct/named/i128/fail/default.rs:2:1
  |
2 | #[model]
  | ^^^^^^^^ expected `i128`, found floating-point number
  |
  = note: `?` operator cannot convert from `{float}` to `i128`
  = note: this error originates in the attribute macro `model` (in Nightly builds, run with -Z macro-backtrace for more info)
