error: custom attribute panicked
 --> tests/models/enum/unnamed/vec/fail/max_items.rs:2:1
  |
2 | #[model]
  | ^^^^^^^^
  |
  = help: message: called `Result::unwrap()` on an `Err` value: Error("expected integer literal")
