error: Support condition is gt, ge, lt, le, alias, default and validate
 --> tests/models/struct/named/f64/fail/max_items.rs:5:5
  |
5 |     value: f64,
  |     ^^^^^
