error[E0277]: can't compare `u64` with `{float}`
 --> tests/models/enum/unnamed/u64/fail/ge.rs:2:1
  |
2 | #[model]
  | ^^^^^^^^ no implementation for `u64 < {float}` and `u64 > {float}`
  |
  = help: the trait `PartialOrd<{float}>` is not implemented for `u64`
  = help: the following other types implement trait `PartialOrd<Rhs>`:
            f32
            f64
            i128
            i16
            i32
            i64
            i8
            isize
          and $N others
  = note: this error originates in the attribute macro `model` (in Nightly builds, run with -Z macro-backtrace for more info)
