error: No support alias term on the unnamed field.
 --> tests/models/struct/unnamed/f64/fail/alias.rs:4:4
  |
4 |    #[field(alias = "val")]
  |    ^
