error: Support condition is gt, ge, lt, le, alias, default and validate
 --> tests/models/struct/named/f32/fail/min_items.rs:5:5
  |
5 |     value: f32,
  |     ^^^^^
