error[E0277]: can't compare `u32` with `{float}`
 --> tests/models/struct/unnamed/u32/fail/gt.rs:2:1
  |
2 | #[model]
  | ^^^^^^^^ no implementation for `u32 < {float}` and `u32 > {float}`
  |
  = help: the trait `PartialOrd<{float}>` is not implemented for `u32`
  = help: the following other types implement trait `PartialOrd<Rhs>`:
            f32
            f64
            i128
            i16
            i32
            i64
            i8
            isize
          and $N others
  = note: this error originates in the attribute macro `model` (in Nightly builds, run with -Z macro-backtrace for more info)
