error: Support condition is gt, ge, lt, le, alias, default and validate
 --> tests/models/struct/named/u8/fail/max_length.rs:5:5
  |
5 |     value: u8,
  |     ^^^^^
